// Jest Snapshot v1, https://goo.gl/fbAQLP

exports[`Index should render successfully 1`] = `
<body>
  <div>
    <div
      class="columns is-vcentered"
    >
      <div
        class="column"
      >
        <div
          class="title is-4 is-uppercase"
        >
          Pricing
        </div>
      </div>
      <div
        class="column is-narrow"
      >
        <div
          class="buttons"
        >
          <button
            class="jsx-2282515019 button is-dark"
          >
            Edit
          </button>
        </div>
      </div>
    </div>
    <table
      class="jsx-1459946533 table is-narrow is-hoverable is-fullwidth"
    >
      <thead
        class="jsx-1459946533"
      >
        <tr
          class="is-uppercase"
        >
          <th>
            Plan
          </th>
          <th>
            Lite
          </th>
          <th>
            Standard
          </th>
          <th>
            Unlimited
          </th>
        </tr>
      </thead>
      <tbody
        class="jsx-1459946533"
      >
        <tr>
          <td>
            test
          </td>
          <td>
            <input
              class="jsx-3324638787 input"
              name="lite"
              readonly=""
              type="number"
              value="0"
            />
          </td>
          <td>
            <input
              class="jsx-3324638787 input"
              name="standard"
              readonly=""
              type="number"
              value="0"
            />
          </td>
          <td>
            <input
              class="jsx-3324638787 input"
              name="unlimited"
              readonly=""
              type="number"
              value="0"
            />
          </td>
        </tr>
      </tbody>
    </table>
  </div>
</body>
`;
